23:44:06 **** Incremental Build of configuration Debug for project pulsometr-v1 ****
make -j4 all 
arm-none-eabi-size  pulsometr-v1.elf 
   text	   data	    bss	    dec	    hex	filename
   1360	      4	   1572	   2936	    b78	pulsometr-v1.elf
Finished building: default.size.stdout
 
23:44:10 **** Incremental Build of configuration Debug for project pulsometr-v1 ****
make -j4 all 
arm-none-eabi-size  pulsometr-v1.elf 
   text	   data	    bss	    dec	    hex	filename
   1360	      4	   1572	   2936	    b78	pulsometr-v1.elf
Finished building: default.size.stdout
 
